// Jest Snapshot v1, https://goo.gl/fbAQLP

exports[`Alert testType<Props>({
      children: "children",
      type: "success",
      action: {
        label: "label",
        onClick: () => { }
      },
      autoClose: 1000,
      closeIconLabel: "closeIconLabel",
      focusOnOpen: true,
      onClose: () => { } 
    }) (type) should match snapshot 1`] = `"Props"`;
